BL51 BANKED LINKER/LOCATER V6.22                                                        08/28/2019  15:49:28  PAGE 1


BL51 BANKED LINKER/LOCATER V6.22, INVOKED BY:
E:\PROGRAM_FILES\KEIL956\C51\BIN\BL51.EXE ..\Output\STARTUP.obj, ..\Output\ÖÐ¶Ï.obj TO ..\Output\Demo PRINT (..\Listing\
>> Demo.m51)


MEMORY MODEL: SMALL


INPUT MODULES INCLUDED:
  ..\Output\STARTUP.obj (?C_STARTUP)
  ..\Output\ÖÐ¶Ï.obj (____)


LINK MAP OF MODULE:  ..\Output\Demo (?C_STARTUP)


            TYPE    BASE      LENGTH    RELOCATION   SEGMENT NAME
            -----------------------------------------------------

            * * * * * * *   D A T A   M E M O R Y   * * * * * * *
            REG     0000H     0008H     ABSOLUTE     "REG BANK 0"
            DATA    0008H     0002H     UNIT         _DATA_GROUP_
            IDATA   000AH     0001H     UNIT         ?STACK

            * * * * * * *   C O D E   M E M O R Y   * * * * * * *
            CODE    0000H     0003H     ABSOLUTE     
            CODE    0003H     0003H     ABSOLUTE     
            CODE    0006H     0024H     UNIT         ?PR?TNT0_HANDLER?____
            CODE    002AH     000CH     UNIT         ?C_C51STARTUP
            CODE    0036H     0007H     UNIT         ?PR?MAIN?____



OVERLAY MAP OF MODULE:   ..\Output\Demo (?C_STARTUP)


SEGMENT                          DATA_GROUP 
  +--> CALLED SEGMENT          START    LENGTH
----------------------------------------------
?C_C51STARTUP                  -----    -----
  +--> ?PR?MAIN?____

*** NEW ROOT ***************************************************

?PR?TNT0_HANDLER?____          0008H    0002H



SYMBOL TABLE OF MODULE:  ..\Output\Demo (?C_STARTUP)

  VALUE           TYPE          NAME
  ----------------------------------

  -------         MODULE        ?C_STARTUP
  C:002AH         SEGMENT       ?C_C51STARTUP
  I:000AH         SEGMENT       ?STACK
  C:0000H         PUBLIC        ?C_STARTUP
  D:00E0H         SYMBOL        ACC
BL51 BANKED LINKER/LOCATER V6.22                                                      08/28/2019  15:49:28  PAGE 2


  D:00F0H         SYMBOL        B
  D:0083H         SYMBOL        DPH
  D:0082H         SYMBOL        DPL
  N:0000H         SYMBOL        IBPSTACK
  N:0100H         SYMBOL        IBPSTACKTOP
  N:0080H         SYMBOL        IDATALEN
  C:002DH         SYMBOL        IDATALOOP
  N:0000H         SYMBOL        PBPSTACK
  N:0100H         SYMBOL        PBPSTACKTOP
  N:0000H         SYMBOL        PDATALEN
  N:0000H         SYMBOL        PDATASTART
  N:0000H         SYMBOL        PPAGE
  N:0000H         SYMBOL        PPAGEENABLE
  D:00A0H         SYMBOL        PPAGE_SFR
  D:0081H         SYMBOL        SP
  C:002AH         SYMBOL        STARTUP1
  N:0000H         SYMBOL        XBPSTACK
  N:0000H         SYMBOL        XBPSTACKTOP
  N:0000H         SYMBOL        XDATALEN
  N:0000H         SYMBOL        XDATASTART
  C:0000H         LINE#         126
  C:002AH         LINE#         133
  C:002CH         LINE#         134
  C:002DH         LINE#         135
  C:002EH         LINE#         136
  C:0030H         LINE#         185
  C:0033H         LINE#         196
  -------         ENDMOD        ?C_STARTUP

  -------         MODULE        ____
  C:0000H         SYMBOL        _ICE_DUMMY_
  D:0090H         PUBLIC        P1
  D:00B0H         PUBLIC        P3
  D:00A8H         PUBLIC        IE
  B:00B0H.2       PUBLIC        button
  C:0036H         PUBLIC        main
  B:0090H.0       PUBLIC        led
  C:0006H         PUBLIC        TNT0_Handler
  B:0088H.0       PUBLIC        IT0
  -------         PROC          MAIN
  C:0036H         LINE#         5
  C:0036H         LINE#         6
  C:0038H         LINE#         7
  C:003BH         LINE#         8
  -------         ENDPROC       MAIN
  -------         PROC          TNT0_HANDLER
  -------         DO            
  D:0008H         SYMBOL        i
  -------         ENDDO         
  C:0006H         LINE#         11
  C:0008H         LINE#         13
  C:000BH         LINE#         14
  C:000BH         LINE#         15
  C:001FH         LINE#         16
  C:0022H         LINE#         17
  C:0022H         LINE#         18
  C:0024H         LINE#         19
BL51 BANKED LINKER/LOCATER V6.22                                                      08/28/2019  15:49:28  PAGE 3


  C:0024H         LINE#         20
  C:0027H         LINE#         21
  C:0027H         LINE#         22
  -------         ENDPROC       TNT0_HANDLER
  -------         ENDMOD        ____

Program Size: data=11.0 xdata=0 code=61
LINK/LOCATE RUN COMPLETE.  0 WARNING(S),  0 ERROR(S)
