BL51 BANKED LINKER/LOCATER V6.22                                                        08/31/2019  20:37:06  PAGE 1


BL51 BANKED LINKER/LOCATER V6.22, INVOKED BY:
C:\KEIL_V5\C51\BIN\BL51.EXE .\Objects\STARTUP.obj, .\Objects\Èý¼ü°ËµÆÖÐ¶Ï.obj TO .\Objects\Èý¼ü°ËµÆÖÐ¶Ï PRINT (.\Listing
>> s\Èý¼ü°ËµÆÖÐ¶Ï.m51)


MEMORY MODEL: SMALL


INPUT MODULES INCLUDED:
  .\Objects\STARTUP.obj (?C_STARTUP)
  .\Objects\Èý¼ü°ËµÆÖÐ¶Ï.obj (____________)


LINK MAP OF MODULE:  .\Objects\Èý¼ü°ËµÆÖÐ¶Ï (?C_STARTUP)


            TYPE    BASE      LENGTH    RELOCATION   SEGMENT NAME
            -----------------------------------------------------

            * * * * * * *   D A T A   M E M O R Y   * * * * * * *
            REG     0000H     0008H     ABSOLUTE     "REG BANK 0"
            DATA    0008H     0002H     UNIT         ?DT?____________
            IDATA   000AH     0001H     UNIT         ?STACK

            * * * * * * *   C O D E   M E M O R Y   * * * * * * *
            CODE    0000H     0003H     ABSOLUTE     
            CODE    0003H     0003H     ABSOLUTE     
                    0006H     07FAH                  *** GAP ***
            CODE    0800H     0063H     UNIT         ?PR?MAIN?____________
            CODE    0863H     003BH     UNIT         ?PR?ZHONGDUAN?____________
            CODE    089EH     0037H     UNIT         ?PR?KEYSCAN?____________
            CODE    08D5H     0022H     UNIT         ?PR?_DELAY?____________
            CODE    08F7H     000CH     UNIT         ?C_C51STARTUP
            CODE    0903H     0008H     UNIT         ?CO?____________



OVERLAY MAP OF MODULE:   .\Objects\Èý¼ü°ËµÆÖÐ¶Ï (?C_STARTUP)


SEGMENT
  +--> CALLED SEGMENT
---------------------
?C_C51STARTUP
  +--> ?PR?MAIN?____________

?PR?MAIN?____________
  +--> ?PR?KEYSCAN?____________
  +--> ?PR?_DELAY?____________

?PR?KEYSCAN?____________
  +--> ?PR?_DELAY?____________

?PR?_DELAY?____________
  +--> ?CO?____________



BL51 BANKED LINKER/LOCATER V6.22                                                      08/31/2019  20:37:06  PAGE 2


UNRESOLVED EXTERNAL SYMBOLS:
   KESCAN



SYMBOL TABLE OF MODULE:  .\Objects\Èý¼ü°ËµÆÖÐ¶Ï (?C_STARTUP)

  VALUE           TYPE          NAME
  ----------------------------------

  -------         MODULE        ?C_STARTUP
  C:08F7H         SEGMENT       ?C_C51STARTUP
  I:000AH         SEGMENT       ?STACK
  C:0000H         PUBLIC        ?C_STARTUP
  D:00E0H         SYMBOL        ACC
  D:00F0H         SYMBOL        B
  D:0083H         SYMBOL        DPH
  D:0082H         SYMBOL        DPL
  N:0000H         SYMBOL        IBPSTACK
  N:0100H         SYMBOL        IBPSTACKTOP
  N:0080H         SYMBOL        IDATALEN
  C:08FAH         SYMBOL        IDATALOOP
  N:0000H         SYMBOL        PBPSTACK
  N:0100H         SYMBOL        PBPSTACKTOP
  N:0000H         SYMBOL        PDATALEN
  N:0000H         SYMBOL        PDATASTART
  N:0000H         SYMBOL        PPAGE
  N:0000H         SYMBOL        PPAGEENABLE
  D:00A0H         SYMBOL        PPAGE_SFR
  D:0081H         SYMBOL        SP
  C:08F7H         SYMBOL        STARTUP1
  N:0000H         SYMBOL        XBPSTACK
  N:0000H         SYMBOL        XBPSTACKTOP
  N:0000H         SYMBOL        XDATALEN
  N:0000H         SYMBOL        XDATASTART
  C:0000H         LINE#         126
  C:08F7H         LINE#         133
  C:08F9H         LINE#         134
  C:08FAH         LINE#         135
  C:08FBH         LINE#         136
  C:08FDH         LINE#         185
  C:0900H         LINE#         196
  -------         ENDMOD        ?C_STARTUP

  -------         MODULE        ____________
  C:0000H         SYMBOL        _ICE_DUMMY_
  D:0080H         PUBLIC        P0
  D:00A0H         PUBLIC        P2
  C:0903H         PUBLIC        table
  D:00A8H         PUBLIC        IE
  C:08E1H         PUBLIC        _delay
  B:00A0H.0       PUBLIC        KEY0
  B:00A0H.1       PUBLIC        KEY1
  B:00A0H.2       PUBLIC        KEY2
  C:0800H         PUBLIC        main
  B:0088H.0       PUBLIC        IT0
  C:0863H         PUBLIC        zhongduan
BL51 BANKED LINKER/LOCATER V6.22                                                      08/31/2019  20:37:06  PAGE 3


  D:0008H         PUBLIC        j
  D:0009H         PUBLIC        k
  C:089EH         PUBLIC        keyscan
  C:08D5H         SYMBOL        L?0040
  -------         PROC          L?0039
  -------         ENDPROC       L?0039
  C:08D5H         SYMBOL        L?0040
  -------         PROC          _DELAY
  D:0006H         SYMBOL        t
  -------         DO            
  D:0005H         SYMBOL        i
  -------         ENDDO         
  C:08E1H         LINE#         9
  C:08E1H         LINE#         10
  C:08E1H         LINE#         12
  C:08EBH         LINE#         13
  C:08F6H         LINE#         14
  -------         ENDPROC       _DELAY
  -------         PROC          KEYSCAN
  C:089EH         LINE#         15
  C:089EH         LINE#         16
  C:089EH         LINE#         17
  C:08A1H         LINE#         18
  C:08A1H         LINE#         19
  C:08A8H         LINE#         20
  C:08AEH         LINE#         21
  C:08B0H         LINE#         22
  C:08B3H         LINE#         23
  C:08B3H         LINE#         24
  C:08BAH         LINE#         25
  C:08C0H         LINE#         26
  C:08C2H         LINE#         27
  C:08C5H         LINE#         28
  C:08C5H         LINE#         29
  C:08CCH         LINE#         30
  C:08D2H         LINE#         31
  C:08D4H         LINE#         32
  -------         ENDPROC       KEYSCAN
  -------         PROC          MAIN
  C:0800H         LINE#         33
  C:0800H         LINE#         34
  C:0800H         LINE#         35
  C:0802H         LINE#         36
  C:0805H         LINE#         37
  C:0805H         LINE#         38
  C:0805H         LINE#         39
  C:0808H         LINE#         40
  C:0815H         LINE#         41
  C:0815H         LINE#         42
  C:0815H         LINE#         43
  C:081FH         LINE#         44
  C:081FH         LINE#         45
  C:0822H         LINE#         46
  C:0827H         LINE#         47
  C:0827H         LINE#         48
  C:082AH         LINE#         49
  C:082EH         LINE#         50
BL51 BANKED LINKER/LOCATER V6.22                                                      08/31/2019  20:37:06  PAGE 4


  C:082EH         LINE#         51
  C:0838H         LINE#         52
  C:0838H         LINE#         53
  C:083BH         LINE#         54
  C:0840H         LINE#         55
  C:0840H         LINE#         56
  C:0843H         LINE#         57
  C:0847H         LINE#         58
  C:0847H         LINE#         59
  C:0851H         LINE#         60
  C:0851H         LINE#         61
  C:0854H         LINE#         62
  C:085AH         LINE#         63
  C:085AH         LINE#         64
  C:085DH         LINE#         65
  -------         ENDPROC       MAIN
  -------         PROC          ZHONGDUAN
  C:0863H         LINE#         70
  C:0880H         LINE#         72
  C:0883H         LINE#         73
  -------         ENDPROC       ZHONGDUAN
  -------         ENDMOD        ____________

*** WARNING L1: UNRESOLVED EXTERNAL SYMBOL
    SYMBOL:  KESCAN
    MODULE:  .\Objects\Èý¼ü°ËµÆÖÐ¶Ï.obj (____________)

*** WARNING L2: REFERENCE MADE TO UNRESOLVED EXTERNAL
    SYMBOL:  KESCAN
    MODULE:  .\Objects\Èý¼ü°ËµÆÖÐ¶Ï.obj (____________)
    ADDRESS: 0881H

******************************************************************************
* RESTRICTED VERSION WITH 0800H BYTE CODE SIZE LIMIT; USED: 0111H BYTE (13%) *
******************************************************************************

Program Size: data=11.0 xdata=0 code=273
LINK/LOCATE RUN COMPLETE.  2 WARNING(S),  0 ERROR(S)
